../Core/Src/ssd1306.c:24:6:ssd1306_Reset	8	static
../Core/Src/ssd1306.c:36:6:ssd1306_WriteCommand	16	static
../Core/Src/ssd1306.c:44:6:ssd1306_WriteData	16	static
../Core/Src/ssd1306.c:63:17:ssd1306_FillBuffer	8	static
../Core/Src/ssd1306.c:175:6:ssd1306_Fill	0	static
../Core/Src/ssd1306.c:180:6:ssd1306_UpdateScreen	16	static
../Core/Src/ssd1306.c:73:6:ssd1306_Init	16	static
../Core/Src/ssd1306.c:201:6:ssd1306_DrawPixel	4	static
../Core/Src/ssd1306.c:221:6:ssd1306_WriteChar	64	static
../Core/Src/ssd1306.c:256:6:ssd1306_WriteString	40	static
../Core/Src/ssd1306.c:270:6:ssd1306_SetCursor	0	static
../Core/Src/ssd1306.c:276:6:ssd1306_Line	48	static
../Core/Src/ssd1306.c:303:6:ssd1306_Polyline	32	static
../Core/Src/ssd1306.c:338:6:ssd1306_DrawArc	80	static
../Core/Src/ssd1306.c:378:6:ssd1306_DrawArcWithRadiusLine	80	static
../Core/Src/ssd1306.c:421:6:ssd1306_DrawCircle	48	static
../Core/Src/ssd1306.c:456:6:ssd1306_FillCircle	64	static
../Core/Src/ssd1306.c:492:6:ssd1306_DrawRectangle	32	static
../Core/Src/ssd1306.c:502:6:ssd1306_FillRectangle	36	static
../Core/Src/ssd1306.c:516:6:draw_Arrow	24	static
../Core/Src/ssd1306.c:530:17:ssd1306_InvertRectangle	28	static
../Core/Src/ssd1306.c:561:6:ssd1306_DrawBitmap	48	static
../Core/Src/ssd1306.c:585:6:ssd1306_SetContrast	8	static
../Core/Src/ssd1306.c:591:6:ssd1306_SetDisplayOn	0	static
../Core/Src/ssd1306.c:603:9:ssd1306_GetDisplayOn	0	static
